INFO         | Android emulator version 36.6.11.0 (build_id 15507667) (CL:N/A)
INFO         | Graphics backend: gfxstream
DEBUG   | Current emulator version 36.6.11 is the same as the required version 36.6.11.
INFO         | Deleting C:\Users\MriT.DESKTOP-UK7OADT\.android\avd\..\avd\Medium_Phone_2.avd\bootcompleted.ini done
INFO         | Found AVD name 'Medium_Phone_2'
INFO         | Found AVD target architecture: x86_64
INFO         | argv[0]: 'D:\Users\MriT.DESKTOP-UK7OADT\AppData\Local\emulator\emulator.exe'; program directory: 'D:\Users\MriT.DESKTOP-UK7OADT\AppData\Local\emulator'
INFO         | Found systemPath D:\Users\MriT.DESKTOP-UK7OADT\AppData\Local\system-images\android-33\google_apis_playstore\x86_64\
DEBUG   | autoconfig: -skin 1080x2400
DEBUG   | autoconfig: -skindir (null)
DEBUG   | init, loading D:\Users\MriT.DESKTOP-UK7OADT\AppData\Local\emulator\lib\advancedFeatures.ini
DEBUG   | init, loading C:\Users\MriT.DESKTOP-UK7OADT\.android\advancedFeatures.ini
INFO         | Feature 'GLDirectMem' (53) is overridden to 'enabled'
INFO         | Feature 'Vulkan' (21) is overridden to 'disabled'
DEBUG   | autoconfig: -kernel D:\Users\MriT.DESKTOP-UK7OADT\AppData\Local\system-images\android-33\google_apis_playstore\x86_64\\kernel-ranchu
DEBUG   | Target arch = 'x86_64'
DEBUG   | Auto-detect: Kernel image requires new device naming scheme.
DEBUG   | Auto-detect: Kernel does not support YAFFS2 partitions.
DEBUG   | autoconfig: -ramdisk D:\Users\MriT.DESKTOP-UK7OADT\AppData\Local\system-images\android-33\google_apis_playstore\x86_64\\ramdisk.img
DEBUG   | Using initial system image: D:\Users\MriT.DESKTOP-UK7OADT\AppData\Local\system-images\android-33\google_apis_playstore\x86_64\\system.img
DEBUG   | Using initial vendor image: D:\Users\MriT.DESKTOP-UK7OADT\AppData\Local\system-images\android-33\google_apis_playstore\x86_64\\vendor.img
DEBUG   | autoconfig: -data C:\Users\MriT.DESKTOP-UK7OADT\.android\avd\..\avd\Medium_Phone_2.avd\userdata-qemu.img
DEBUG   | autoconfig: -initdata D:\Users\MriT.DESKTOP-UK7OADT\AppData\Local\system-images\android-33\google_apis_playstore\x86_64\\userdata.img
DEBUG   | autoconfig: -cache C:\Users\MriT.DESKTOP-UK7OADT\.android\avd\..\avd\Medium_Phone_2.avd\cache.img
DEBUG   | autoconfig: -sdcard C:\Users\MriT.DESKTOP-UK7OADT\.android\avd\..\avd\Medium_Phone_2.avd\sdcard.img
DEBUG   | Physical RAM size: 4096MB
DEBUG   | VM heap size 228MB is below hardware specified minimum of 576MB,setting it to that value
DEBUG   | System image is read only
INFO         | IPv4 server found: 10.255.255.1
INFO         | Ignore IPv6 address: 80ab:435c:ec01:0:80ab:435c:ec01:0
INFO         | Ignore IPv6 address: 80ab:435c:ec01:0:80ab:435c:ec01:0
INFO         | Ignore IPv6 address: 80ab:435c:ec01:0:80ab:435c:ec01:0
INFO         | Ignore IPv6 address: 88be:435c:ec01:0:80ab:435c:ec01:0
INFO         | Ignore IPv6 address: 88be:435c:ec01:0:80ab:435c:ec01:0
INFO         | Ignore IPv6 address: 88be:435c:ec01:0:80ab:435c:ec01:0
INFO         | Ignore IPv6 address: 78c4:435c:ec01:0:80ab:435c:ec01:0
INFO         | Ignore IPv6 address: 78c4:435c:ec01:0:80ab:435c:ec01:0
INFO         | Ignore IPv6 address: 78c4:435c:ec01:0:80ab:435c:ec01:0
INFO         | Ignore IPv6 address: 90ca:435c:ec01:0:80ab:435c:ec01:0
INFO         | Ignore IPv6 address: 90ca:435c:ec01:0:80ab:435c:ec01:0
INFO         | Ignore IPv6 address: 90ca:435c:ec01:0:80ab:435c:ec01:0
INFO         | Ignore IPv6 address: 40d8:435c:ec01:0:80ab:435c:ec01:0
INFO         | Ignore IPv6 address: 40d8:435c:ec01:0:80ab:435c:ec01:0
INFO         | Ignore IPv6 address: 40d8:435c:ec01:0:80ab:435c:ec01:0
INFO         | Ignore IPv6 address: 60de:435c:ec01:0:80ab:435c:ec01:0
INFO         | Ignore IPv6 address: 60de:435c:ec01:0:80ab:435c:ec01:0
INFO         | Ignore IPv6 address: 60de:435c:ec01:0:80ab:435c:ec01:0
DEBUG   | Found 1 DNS servers:
DEBUG   | 	10.255.255.1
INFO         | Guest GLES Driver: Auto (ext controls)
DEBUG   | emuglConfig_init: gpu_mode_requested: lavapipe, no_window: 0

INFO         | emuglConfig_init: vulkan_mode_selected:lavapipe gles_mode_selected:swiftshader
DEBUG   | setCurrentRenderer: swiftshader lavapipe gles:Swiftshader Indirect vulkan:Lavapipe
DEBUG   | emuglConfig_init: GPU emulation enabled using Vulkan:'lavapipe' GLES:'swiftshader' modes

DEBUG   | GPU emulation enabled using Vulkan:'lavapipe' GLES:'swiftshader' modes
DEBUG   | Adding to the library search path: D:\Users\MriT.DESKTOP-UK7OADT\AppData\Local\emulator\lib64\gles_swiftshader

INFO         | Checking system compatibility:
INFO         |   Checking: hasCompatibleHypervisor
DEBUG   | Checking whether Windows Hypervisor Platform (WHPX) is available.
DEBUG   | WinHvPlatform.dll found. Looking for WHvGetCapability...
DEBUG   | WHvGetCapability found. Querying WHPX capabilities...
DEBUG   | WHPX (10.0.26200) is installed and usable.
INFO         |      Ok: Hypervisor compatibility to run avd: `Medium_Phone_2` are met
INFO         |   Checking: hasSufficientSystem
INFO         |      Ok: System requirements to run avd: `Medium_Phone_2` are met
INFO         |   Checking: hasSufficientHwGpu
INFO         |      Ok: Hardware GPU compatibility checks are not required
INFO         |   Checking: hasSufficientDiskSpace
INFO         |      Ok: Disk space requirements to run avd: `Medium_Phone_2` are met
DEBUG   | Starting hostapd main loop.
DEBUG   | found magic skin width=1080 height=2400 bpp=32

DEBUG   | CPU Acceleration: working
DEBUG   | CPU Acceleration status: WHPX(10.0.26200) is installed and usable.
DEBUG   | handleCpuAcceleration: feature check for hvf
DEBUG   | Bluetooth requested by guest
DEBUG   | started modem simulator host server at port: 12699
INFO         | Critical: Failed to load opengl32sw (The specified module could not be found.) (:0, )
INFO         | Warning: Software OpenGL failed. Falling back to system OpenGL. (:0, )
INFO         | Warning: QMetaObject::connectSlotsByName: No matching signal for on_default_environment_selected() (:0, )
INFO         | Warning: QMetaObject::connectSlotsByName: No matching signal for on_none_selected() (:0, )
INFO         | Warning: QMetaObject::connectSlotsByName: No matching signal for on_custom_image_selected() (:0, )
INFO         | Warning: QMetaObject::connectSlotsByName: No matching signal for on_custom_video_selected() (:0, )
INFO         | Warning: QMetaObject::connectSlotsByName: No matching signal for on_custom_360_image_selected() (:0, )
DEBUG   | emulator_window_framebuffer_create: 1080x2400

INFO         | Storing crashdata in: C:\Users\MRIT~1.DES\AppData\Local\Temp\\AndroidEmulator\emu-crash-36.6.11.db, detection is enabled for process: 23364
INFO         | Crash reports will be automatically uploaded to: https://clients2.google.com/cr/report
INFO         | Initializing gfxstream backend
INFO         | startOpenglesRendererImpl: gpu info
INFO         | GPU #1
  Make: 10de
  Model: NVIDIA GeForce GTX 1650 Ti
  Device ID: 1f95

DEBUG   | gfxstreamFeature:GlPipeChecksum = 1
DEBUG   | gfxstreamFeature:Vulkan = 0
DEBUG   | gfxstreamFeature:HasSharedSlotsHostMemoryAllocator = 1
DEBUG   | gfxstreamFeature:VulkanSnapshots = 0
DEBUG   | gfxstreamFeature:NoDelayCloseColorBuffer = 0
DEBUG   | gfxstreamFeature:VirtioGpuNativeSync = 0
DEBUG   | gfxstreamFeature:VulkanShaderFloat16Int8 = 1
DEBUG   | gfxstreamFeature:NativeTextureDecompression = 0
DEBUG   | gfxstreamFeature:VulkanNativeSwapchain = 0
DEBUG   | gfxstreamFeature:VirtioGpuFenceContexts = 0
DEBUG   | gfxstreamFeature:AsyncComposeSupport = 0
DEBUG   | gfxstreamFeature:ExternalBlob = 0
DEBUG   | gfxstreamFeature:SystemBlob = 0
DEBUG   | gfxstreamFeature:GrallocSync = 0
DEBUG   | gfxstreamFeature:GlAsyncSwap = 1
DEBUG   | gfxstreamFeature:GlDma = 1
DEBUG   | gfxstreamFeature:GlDma2 = 0
DEBUG   | gfxstreamFeature:GlDirectMem = 1
DEBUG   | gfxstreamFeature:GlesDynamicVersion = 1
DEBUG   | gfxstreamFeature:RefCountPipe = 1
DEBUG   | gfxstreamFeature:HostComposition = 1
DEBUG   | gfxstreamFeature:VulkanNullOptionalStrings = 1
DEBUG   | gfxstreamFeature:Yuv420888ToNv21 = 0
DEBUG   | gfxstreamFeature:YuvCache = 1
DEBUG   | gfxstreamFeature:VulkanIgnoredHandles = 1
DEBUG   | gfxstreamFeature:VirtioGpuNext = 0
DEBUG   | gfxstreamFeature:VulkanQueueSubmitWithCommands = 1
DEBUG   | gfxstreamFeature:VulkanBatchedDescriptorSetUpdate = 0
DEBUG   | gfxstreamFeature:Minigbm = 0
DEBUG   | gfxstreamFeature:HwcMultiConfigs = 0
DEBUG   | gfxstreamFeature:VulkanAllocateDeviceMemoryOnly = 0
DEBUG   | gfxstreamFeature:VulkanAllocateHostMemory = 0
DEBUG   | gfxstreamFeature:GuestVulkanOnly = 0
DEBUG   | gfxstreamFeature:BypassVulkanDeviceFeatureOverrides = 0
DEBUG   | gfxstreamFeature:VulkanDebugUtils = 0
DEBUG   | gfxstreamFeature:VulkanCommandBufferCheckpoints = 0
DEBUG   | gfxstreamFeature:VulkanVirtualQueue = 1
DEBUG   | gfxstreamFeature:VulkanRobustness = 0
DEBUG   | gfxstreamFeature:VulkanProtectedMemoryEmulation = 0
DEBUG   | RenderWindow: CMD_INITIALIZE w=1080 h=2400
DEBUG   | FrameBuffer::initialize()
DEBUG   | Creating Framebuffer: 1080x2400, useSubWindow=1
DEBUG   | create display 0
DEBUG   | setDisplayPose 0 x 0 y 0 w 1080 h 2400 dpi 0
VERBOSE | SharedLibrary::open for [libGLESv2.dll]: not found in map, open for the first time
VERBOSE | SharedLibrary::open for [libGLESv2.dll] (win32): call LoadLibrary
VERBOSE | SharedLibrary::open succeeded for [libGLESv2.dll]. File name: [D:\Users\MriT.DESKTOP-UK7OADT\AppData\Local\emulator\lib64\gles_swiftshader\libGLESv2.dll]
VERBOSE | SharedLibrary::open for [libEGL.dll]: not found in map, open for the first time
VERBOSE | SharedLibrary::open for [libEGL.dll] (win32): call LoadLibrary
VERBOSE | SharedLibrary::open succeeded for [libEGL.dll]. File name: [D:\Users\MriT.DESKTOP-UK7OADT\AppData\Local\emulator\lib64\gles_swiftshader\libEGL.dll]
VERBOSE | EglOsEglDisplay: client exts: [EGL_KHR_create_context EGL_KHR_get_all_proc_addresses EGL_KHR_gl_texture_2D_image EGL_KHR_gl_texture_cubemap_image EGL_KHR_gl_renderbuffer_image EGL_KHR_fence_sync EGL_KHR_image_base EGL_ANDROID_framebuffer_target EGL_ANDROID_recordable]
DEBUG   | call eglInitialize
VERBOSE | queryConfigs: num configs: 75
VERBOSE | glGetTexLevelParameteriv not found
VERBOSE | glGetTexLevelParameterfv not found
VERBOSE | glPushAttrib not found
VERBOSE | glPushClientAttrib not found
VERBOSE | glPopAttrib not found
VERBOSE | glPopClientAttrib not found
VERBOSE | glAlphaFunc not found
VERBOSE | glBegin not found
VERBOSE | glClientActiveTexture not found
VERBOSE | glClipPlane not found
VERBOSE | glColor4d not found
VERBOSE | glColor4f not found
VERBOSE | glColor4fv not found
VERBOSE | glColor4ub not found
VERBOSE | glColor4ubv not found
VERBOSE | glColorPointer not found
VERBOSE | glDisableClientState not found
VERBOSE | glEnableClientState not found
VERBOSE | glEnd not found
VERBOSE | glFogf not found
VERBOSE | glFogfv not found
VERBOSE | glGetClipPlane not found
VERBOSE | glGetDoublev not found
VERBOSE | glGetLightfv not found
VERBOSE | glGetMaterialfv not found
VERBOSE | glGetPointerv not found
VERBOSE | glGetTexEnvfv not found
VERBOSE | glGetTexEnviv not found
VERBOSE | glLightf not found
VERBOSE | glLightfv not found
VERBOSE | glLightModelf not found
VERBOSE | glLightModelfv not found
VERBOSE | glLoadIdentity not found
VERBOSE | glLoadMatrixf not found
VERBOSE | glLogicOp not found
VERBOSE | glMaterialf not found
VERBOSE | glMaterialfv not found
VERBOSE | glMultiTexCoord2fv not found
VERBOSE | glMultiTexCoord2sv not found
VERBOSE | glMultiTexCoord3fv not found
VERBOSE | glMultiTexCoord3sv not found
VERBOSE | glMultiTexCoord4f not found
VERBOSE | glMultiTexCoord4fv not found
VERBOSE | glMultiTexCoord4sv not found
VERBOSE | glMultMatrixf not found
VERBOSE | glNormal3f not found
VERBOSE | glNormal3fv not found
VERBOSE | glNormal3sv not found
VERBOSE | glOrtho not found
VERBOSE | glPointParameterf not found
VERBOSE | glPointParameterfv not found
VERBOSE | glPointSize not found
VERBOSE | glRotatef not found
VERBOSE | glScalef not found
VERBOSE | glTexEnvf not found
VERBOSE | glTexEnvfv not found
VERBOSE | glMatrixMode not found
VERBOSE | glNormalPointer not found
VERBOSE | glPopMatrix not found
VERBOSE | glPushMatrix not found
VERBOSE | glShadeModel not found
VERBOSE | glTexCoordPointer not found
VERBOSE | glTexEnvi not found
VERBOSE | glTexEnviv not found
VERBOSE | glTranslatef not found
VERBOSE | glVertexPointer not found
VERBOSE | glClipPlanef not found
VERBOSE | glFrustumf not found
VERBOSE | glGetClipPlanef not found
VERBOSE | glOrthof not found
VERBOSE | glAlphaFuncx not found
VERBOSE | glClearColorx not found
VERBOSE | glClearDepthx not found
VERBOSE | glColor4x not found
VERBOSE | glDepthRangex not found
VERBOSE | glFogx not found
VERBOSE | glFogxv not found
VERBOSE | glFrustumx not found
VERBOSE | glClipPlanex not found
VERBOSE | glGetFixedv not found
VERBOSE | glGetLightxv not found
VERBOSE | glGetMaterialxv not found
VERBOSE | glGetTexEnvxv not found
VERBOSE | glGetTexParameterxv not found
VERBOSE | glLightModelx not found
VERBOSE | glLightModelxv not found
VERBOSE | glLightx not found
VERBOSE | glLightxv not found
VERBOSE | glLineWidthx not found
VERBOSE | glLoadMatrixx not found
VERBOSE | glMaterialx not found
VERBOSE | glMaterialxv not found
VERBOSE | glMultMatrixx not found
VERBOSE | glMultiTexCoord4x not found
VERBOSE | glNormal3x not found
VERBOSE | glOrthox not found
VERBOSE | glPointParameterx not found
VERBOSE | glPointParameterxv not found
VERBOSE | glPointSizex not found
VERBOSE | glPolygonOffsetx not found
VERBOSE | glRotatex not found
VERBOSE | glSampleCoveragex not found
VERBOSE | glScalex not found
VERBOSE | glTexEnvx not found
VERBOSE | glTexEnvxv not found
VERBOSE | glTexParameterx not found
VERBOSE | glTexParameterxv not found
VERBOSE | glTranslatex not found
VERBOSE | glGetClipPlanex not found
DEBUG   | vk icd software rendering, disable interop
DEBUG   | glvk interop final: 0
DEBUG   | Performing composition using CompositorGl.
INFO         | Graphics Adapter Vendor Google (Google Inc.)
INFO         | Graphics Adapter Android Emulator OpenGL ES Translator (Google SwiftShader)
INFO         | Graphics API Version OpenGL ES 3.0 (OpenGL ES 3.0 SwiftShader 4.0.0.1)
INFO         | Graphics API Extensions GL_OES_EGL_sync GL_OES_EGL_image GL_OES_EGL_image_external GL_OES_depth24 GL_OES_depth32 GL_OES_element_index_uint GL_OES_texture_float GL_OES_texture_float_linear GL_OES_compressed_paletted_texture GL_OES_compressed_ETC1_RGB8_texture GL_OES_depth_texture GL_OES_texture_half_float GL_OES_texture_half_float_linear GL_OES_packed_depth_stencil GL_OES_vertex_half_float GL_OES_standard_derivatives GL_OES_texture_npot GL_OES_rgb8_rgba8 GL_EXT_color_buffer_float GL_EXT_color_buffer_half_float GL_EXT_texture_format_BGRA8888 GL_APPLE_texture_format_BGRA8888 
INFO         | Graphics Device Extensions N/A
DEBUG   | Renderer initialized successfully
INFO         | Setting vsync to 60 hz
DEBUG   | CMD_SET_VSYNC_HZ
DEBUG   | Exited a loader RenderThread @000001EC64464810
INFO         | Sending adb public key [QAAAAAUr3DUzFn14k5HA+p6q2kghXhg9BMDmSDxnOY61xZdYiBGOL4s0iCUNl7kB8t/Cw8cKX9xJpjyoFEV1mJent8o52pGZgfr1rcMCIesLu25ePA2/MGqHMdngDqkP3I42jSgn64BKlZ6NDuP6X2Z46Y/7j81SU9IPp4bDWTz94rOHB8YVX6sbZAaA/pmVf+i5crcnFYwufGwzP/N6w3s+CwEFLrbntE5wWQ3XYz4AH05RnLjOJPAFPafbI7kTc5y/KBdz+BZgOrzcLesQnCWCBTBc53lc5I67QiPOy1xtPEXdmO7ncSG/XouMmT1coxgybszRMV82MTeZovT9CMbFZmG3CiigWgk/RMgv0qYya7atNY77Sd9hkeJi2ht2B8TBSTL7SeePJ2SptBuXD+odx0xpSdF1CWzr/bzBxvrjyjA6lmr9ytE5SvUadvzARiHhMm3dC3V+fB0IXCAkDPp4DedUoQgWPyr0myIzB4CaifEjwc7NdJRDL1RVNNb2KKWMS1+d0vC/C+EIKW3toPUdaF4uZkG4FTgM6HkCztbNk7Wcab0dROZAgeac1t+lXKh68dgZRQeKOWr6vZf1r98HMocb8ZQRrihsZMPjJRbY0wbBZqGBbKFREHBpXFX0eRE+YtUUj6HRJWoZiFzpnlcvVnhaaO5lNKYe+BvWHKk1mckRMJi8KAEAAQA= @unknown]
INFO         | Userspace boot properties:
INFO         |   androidboot.boot_devices=pci0000:00/0000:00:03.0 pci0000:00/0000:00:06.0
INFO         |   androidboot.dalvik.vm.heapsize=576m
INFO         |   androidboot.debug.hwui.renderer=skiagl
INFO         |   androidboot.hardware=ranchu
INFO         |   androidboot.hardware.gltransport=pipe
INFO         |   androidboot.logcat=*:V
INFO         |   androidboot.opengles.version=196608
INFO         |   androidboot.qemu=1
INFO         |   androidboot.qemu.adb.pubkey=QAAAAAUr3DUzFn14k5HA+p6q2kghXhg9BMDmSDxnOY61xZdYiBGOL4s0iCUNl7kB8t/Cw8cKX9xJpjyoFEV1mJent8o52pGZgfr1rcMCIesLu25ePA2/MGqHMdngDqkP3I42jSgn64BKlZ6NDuP6X2Z46Y/7j81SU9IPp4bDWTz94rOHB8YVX6sbZAaA/pmVf+i5crcnFYwufGwzP/N6w3s+CwEFLrbntE5wWQ3XYz4AH05RnLjOJPAFPafbI7kTc5y/KBdz+BZgOrzcLesQnCWCBTBc53lc5I67QiPOy1xtPEXdmO7ncSG/XouMmT1coxgybszRMV82MTeZovT9CMbFZmG3CiigWgk/RMgv0qYya7atNY77Sd9hkeJi2ht2B8TBSTL7SeePJ2SptBuXD+odx0xpSdF1CWzr/bzBxvrjyjA6lmr9ytE5SvUadvzARiHhMm3dC3V+fB0IXCAkDPp4DedUoQgWPyr0myIzB4CaifEjwc7NdJRDL1RVNNb2KKWMS1+d0vC/C+EIKW3toPUdaF4uZkG4FTgM6HkCztbNk7Wcab0dROZAgeac1t+lXKh68dgZRQeKOWr6vZf1r98HMocb8ZQRrihsZMPjJRbY0wbBZqGBbKFREHBpXFX0eRE+YtUUj6HRJWoZiFzpnlcvVnhaaO5lNKYe+BvWHKk1mckRMJi8KAEAAQA= @unknown
INFO         |   androidboot.qemu.avd_name=Medium_Phone_2
INFO         |   androidboot.qemu.camera_hq_edge_processing=0
INFO         |   androidboot.qemu.camera_protocol_ver=1
INFO         |   androidboot.qemu.cpuvulkan.version=4202496
INFO         |   androidboot.qemu.gltransport.drawFlushInterval=800
INFO         |   androidboot.qemu.gltransport.name=pipe
INFO         |   androidboot.qemu.hwcodec.avcdec=2
INFO         |   androidboot.qemu.hwcodec.hevcdec=2
INFO         |   androidboot.qemu.hwcodec.vpxdec=2
INFO         |   androidboot.qemu.settings.system.screen_off_timeout=2147483647
INFO         |   androidboot.qemu.skin=1080x2400
INFO         |   androidboot.qemu.virtiowifi=1
INFO         |   androidboot.qemu.vsync=60
INFO         |   androidboot.serialno=EMULATOR36X6X11X0
INFO         |   androidboot.vbmeta.digest=b097615afe414ae2f91651131b40ccb09554a68626d6dc4334f319d713cb5538
INFO         |   androidboot.vbmeta.hash_alg=sha256
INFO         |   androidboot.vbmeta.size=6656
INFO         |   androidboot.veritymode=enforcing
INFO         | Android bootconfig:
INFO         |   androidboot.boot_devices="pci0000:00/0000:00:03.0 pci0000:00/0000:00:06.0"
INFO         |   androidboot.dalvik.vm.heapsize="576m"
INFO         |   androidboot.debug.hwui.renderer="skiagl"
INFO         |   androidboot.hardware="ranchu"
INFO         |   androidboot.hardware.gltransport="pipe"
INFO         |   androidboot.logcat="*:V"
INFO         |   androidboot.opengles.version="196608"
INFO         |   androidboot.qemu="1"
INFO         |   androidboot.qemu.adb.pubkey="QAAAAAUr3DUzFn14k5HA+p6q2kghXhg9BMDmSDxnOY61xZdYiBGOL4s0iCUNl7kB8t/Cw8cKX9xJpjyoFEV1mJent8o52pGZgfr1rcMCIesLu25ePA2/MGqHMdngDqkP3I42jSgn64BKlZ6NDuP6X2Z46Y/7j81SU9IPp4bDWTz94rOHB8YVX6sbZAaA/pmVf+i5crcnFYwufGwzP/N6w3s+CwEFLrbntE5wWQ3XYz4AH05RnLjOJPAFPafbI7kTc5y/KBdz+BZgOrzcLesQnCWCBTBc53lc5I67QiPOy1xtPEXdmO7ncSG/XouMmT1coxgybszRMV82MTeZovT9CMbFZmG3CiigWgk/RMgv0qYya7atNY77Sd9hkeJi2ht2B8TBSTL7SeePJ2SptBuXD+odx0xpSdF1CWzr/bzBxvrjyjA6lmr9ytE5SvUadvzARiHhMm3dC3V+fB0IXCAkDPp4DedUoQgWPyr0myIzB4CaifEjwc7NdJRDL1RVNNb2KKWMS1+d0vC/C+EIKW3toPUdaF4uZkG4FTgM6HkCztbNk7Wcab0dROZAgeac1t+lXKh68dgZRQeKOWr6vZf1r98HMocb8ZQRrihsZMPjJRbY0wbBZqGBbKFREHBpXFX0eRE+YtUUj6HRJWoZiFzpnlcvVnhaaO5lNKYe+BvWHKk1mckRMJi8KAEAAQA= @unknown"
INFO         |   androidboot.qemu.avd_name="Medium_Phone_2"
INFO         |   androidboot.qemu.camera_hq_edge_processing="0"
INFO         |   androidboot.qemu.camera_protocol_ver="1"
INFO         |   androidboot.qemu.cpuvulkan.version="4202496"
INFO         |   androidboot.qemu.gltransport.drawFlushInterval="800"
INFO         |   androidboot.qemu.gltransport.name="pipe"
INFO         |   androidboot.qemu.hwcodec.avcdec="2"
INFO         |   androidboot.qemu.hwcodec.hevcdec="2"
INFO         |   androidboot.qemu.hwcodec.vpxdec="2"
INFO         |   androidboot.qemu.settings.system.screen_off_timeout="2147483647"
INFO         |   androidboot.qemu.skin="1080x2400"
INFO         |   androidboot.qemu.virtiowifi="1"
INFO         |   androidboot.qemu.vsync="60"
INFO         |   androidboot.serialno="EMULATOR36X6X11X0"
INFO         |   androidboot.vbmeta.digest="b097615afe414ae2f91651131b40ccb09554a68626d6dc4334f319d713cb5538"
INFO         |   androidboot.vbmeta.hash_alg="sha256"
INFO         |   androidboot.vbmeta.size="6656"
INFO         |   androidboot.veritymode="enforcing"
DEBUG   | Found 1 DNS servers:
DEBUG   | 	10.255.255.1
INFO         | Content of hardware configuration file:
INFO         | 	hw.cpu.arch = x86_64
INFO         | 	hw.cpu.ncore = 4
INFO         | 	hw.ramSize = 4096
INFO         | 	hw.screen = multi-touch
INFO         | 	hw.mainKeys = false
INFO         | 	hw.touchpad0 = false
INFO         | 	hw.touchpad0.width = 600
INFO         | 	hw.touchpad0.height = 400
INFO         | 	hw.trackBall = false
INFO         | 	hw.keyboard = true
INFO         | 	hw.keyboard.lid = false
INFO         | 	hw.keyboard.charmap = qwerty2
INFO         | 	hw.dPad = false
INFO         | 	hw.rotaryInput = false
INFO         | 	hw.gsmModem = true
INFO         | 	hw.gps = true
INFO         | 	hw.battery = true
INFO         | 	hw.accelerometer = true
INFO         | 	hw.accelerometer_uncalibrated = true
INFO         | 	hw.gyroscope = true
INFO         | 	hw.audioInput = true
INFO         | 	hw.audioOutput = true
INFO         | 	hw.sdCard = true
INFO         | 	hw.sdCard.path = C:\Users\MriT.DESKTOP-UK7OADT\.android\avd\..\avd\Medium_Phone_2.avd\sdcard.img
INFO         | 	disk.cachePartition = true
INFO         | 	disk.cachePartition.path = C:\Users\MriT.DESKTOP-UK7OADT\.android\avd\..\avd\Medium_Phone_2.avd\cache.img
INFO         | 	disk.cachePartition.size = 66m
INFO         | 	test.quitAfterBootTimeOut = -1
INFO         | 	test.delayAdbTillBootComplete = 0
INFO         | 	test.monitorAdb = 0
INFO         | 	hw.lcd.width = 1080
INFO         | 	hw.lcd.height = 2400
INFO         | 	hw.lcd.depth = 32
INFO         | 	hw.lcd.circular = false
INFO         | 	hw.lcd.density = 420
INFO         | 	hw.lcd.transparent = false
INFO         | 	hw.lcd.backlight = true
INFO         | 	hw.lcd.vsync = 60
INFO         | 	hw.gltransport = pipe
INFO         | 	hw.gltransport.asg.writeBufferSize = 1048576
INFO         | 	hw.gltransport.asg.writeStepSize = 4096
INFO         | 	hw.gltransport.asg.dataRingSize = 32768
INFO         | 	hw.gltransport.drawFlushInterval = 800
INFO         | 	hw.displayRegion.0.1.xOffset = -1
INFO         | 	hw.displayRegion.0.1.yOffset = -1
INFO         | 	hw.displayRegion.0.1.width = 0
INFO         | 	hw.displayRegion.0.1.height = 0
INFO         | 	hw.displayRegion.0.2.xOffset = -1
INFO         | 	hw.displayRegion.0.2.yOffset = -1
INFO         | 	hw.displayRegion.0.2.width = 0
INFO         | 	hw.displayRegion.0.2.height = 0
INFO         | 	hw.displayRegion.0.3.xOffset = -1
INFO         | 	hw.displayRegion.0.3.yOffset = -1
INFO         | 	hw.displayRegion.0.3.width = 0
INFO         | 	hw.displayRegion.0.3.height = 0
INFO         | 	hw.display1.width = 0
INFO         | 	hw.display1.height = 0
INFO         | 	hw.display1.density = 0
INFO         | 	hw.display1.xOffset = -1
INFO         | 	hw.display1.yOffset = -1
INFO         | 	hw.display1.flag = 0
INFO         | 	hw.display2.width = 0
INFO         | 	hw.display2.height = 0
INFO         | 	hw.display2.density = 0
INFO         | 	hw.display2.xOffset = -1
INFO         | 	hw.display2.yOffset = -1
INFO         | 	hw.display2.flag = 0
INFO         | 	hw.display3.width = 0
INFO         | 	hw.display3.height = 0
INFO         | 	hw.display3.density = 0
INFO         | 	hw.display3.xOffset = -1
INFO         | 	hw.display3.yOffset = -1
INFO         | 	hw.display3.flag = 0
INFO         | 	hw.multi_display_window = false
INFO         | 	hw.hotplug_multi_display = false
INFO         | 	hw.gpu.enabled = true
INFO         | 	hw.gpu.mode = lavapipe
INFO         | 	hw.initialOrientation = portrait
INFO         | 	hw.camera.back = virtualscene
INFO         | 	hw.camera.back.orientation = 90
INFO         | 	hw.camera.front = emulated
INFO         | 	hw.camera.front.orientation = 90
INFO         | 	vm.heapSize = 576
INFO         | 	hw.sensors.light = true
INFO         | 	hw.sensors.pressure = true
INFO         | 	hw.sensors.humidity = true
INFO         | 	hw.sensors.proximity = true
INFO         | 	hw.sensors.magnetic_field = true
INFO         | 	hw.sensors.magnetic_field_uncalibrated = true
INFO         | 	hw.sensors.gyroscope_uncalibrated = true
INFO         | 	hw.sensors.orientation = true
INFO         | 	hw.sensors.temperature = true
INFO         | 	hw.sensors.rgbclight = false
INFO         | 	hw.sensor.hinge = false
INFO         | 	hw.sensor.hinge.count = 0
INFO         | 	hw.sensor.hinge.type = 0
INFO         | 	hw.sensor.hinge.sub_type = 0
INFO         | 	hw.sensor.hinge.resizable.config = 1
INFO         | 	hw.sensor.hinge.fold_to_displayRegion.0.1_at_posture = 1
INFO         | 	hw.sensor.roll = false
INFO         | 	hw.sensor.roll.count = 0
INFO         | 	hw.sensor.roll.resize_to_displayRegion.0.1_at_posture = 6
INFO         | 	hw.sensor.roll.resize_to_displayRegion.0.2_at_posture = 6
INFO         | 	hw.sensor.roll.resize_to_displayRegion.0.3_at_posture = 6
INFO         | 	hw.sensors.heart_rate = false
INFO         | 	hw.sensors.wrist_tilt = false
INFO         | 	hw.sensors.heading = false
INFO         | 	hw.useext4 = true
INFO         | 	hw.device.name = medium_phone
INFO         | 	kernel.path = D:\Users\MriT.DESKTOP-UK7OADT\AppData\Local\system-images\android-33\google_apis_playstore\x86_64\\kernel-ranchu
INFO         | 	kernel.newDeviceNaming = yes
INFO         | 	kernel.supportsYaffs2 = no
INFO         | 	disk.ramdisk.path = D:\Users\MriT.DESKTOP-UK7OADT\AppData\Local\system-images\android-33\google_apis_playstore\x86_64\\ramdisk.img
INFO         | 	disk.systemPartition.initPath = D:\Users\MriT.DESKTOP-UK7OADT\AppData\Local\system-images\android-33\google_apis_playstore\x86_64\\system.img
INFO         | 	disk.systemPartition.size = 3122m
INFO         | 	disk.vendorPartition.initPath = D:\Users\MriT.DESKTOP-UK7OADT\AppData\Local\system-images\android-33\google_apis_playstore\x86_64\\vendor.img
INFO         | 	disk.vendorPartition.size = 800m
INFO         | 	disk.dataPartition.path = C:\Users\MriT.DESKTOP-UK7OADT\.android\avd\..\avd\Medium_Phone_2.avd\userdata-qemu.img
INFO         | 	disk.dataPartition.size = 12g
INFO         | 	disk.encryptionKeyPartition.path = C:\Users\MriT.DESKTOP-UK7OADT\.android\avd\..\avd\Medium_Phone_2.avd\encryptionkey.img
INFO         | 	PlayStore.enabled = true
INFO         | 	avd.name = Medium_Phone_2
INFO         | 	avd.id = Medium_Phone_2
INFO         | 	fastboot.forceColdBoot = false
INFO         | 	userdata.useQcow2 = true
INFO         | 	firstboot.bootFromDownloadableSnapshot = true
INFO         | 	firstboot.bootFromLocalSnapshot = true
INFO         | 	firstboot.saveToLocalSnapshot = true
INFO         | 	android.sdk.root = D:\Users\MriT.DESKTOP-UK7OADT\AppData\Local
INFO         | 	android.avd.home = C:\Users\MriT.DESKTOP-UK7OADT\.android\avd
INFO         | 	environment.width = 0
INFO         | 	environment.height = 0
INFO         | .
INFO         | QEMU options list:
INFO         | 	 argv[00] = "D:\Users\MriT.DESKTOP-UK7OADT\AppData\Local\emulator\qemu\windows-x86_64\qemu-system-x86_64.exe"
INFO         | 	 argv[01] = "-dns-server"
INFO         | 	 argv[02] = "10.255.255.1"
INFO         | 	 argv[03] = "-mem-path"
INFO         | 	 argv[04] = "C:\Users\MriT.DESKTOP-UK7OADT\.android\avd\Medium_Phone_2.avd\snapshots\default_boot\ram.img"
INFO         | 	 argv[05] = "-serial"
INFO         | 	 argv[06] = "null"
INFO         | 	 argv[07] = "-device"
INFO         | 	 argv[08] = "goldfish_pstore,addr=0xff018000,size=0x10000,file=C:\Users\MriT.DESKTOP-UK7OADT\.android\avd\..\avd\Medium_Phone_2.avd\data\misc\pstore\pstore.bin"
INFO         | 	 argv[09] = "-cpu"
INFO         | 	 argv[10] = "android64"
INFO         | 	 argv[11] = "-enable-whpx"
INFO         | 	 argv[12] = "-smp"
INFO         | 	 argv[13] = "cores=4"
INFO         | 	 argv[14] = "-m"
INFO         | 	 argv[15] = "4096"
INFO         | 	 argv[16] = "-lcd-density"
INFO         | 	 argv[17] = "420"
INFO         | 	 argv[18] = "-nodefaults"
INFO         | 	 argv[19] = "-kernel"
INFO         | 	 argv[20] = "D:\Users\MriT.DESKTOP-UK7OADT\AppData\Local\system-images\android-33\google_apis_playstore\x86_64\\kernel-ranchu"
INFO         | 	 argv[21] = "-initrd"
INFO         | 	 argv[22] = "C:\Users\MriT.DESKTOP-UK7OADT\.android\avd\..\avd\Medium_Phone_2.avd\initrd"
INFO         | 	 argv[23] = "-drive"
INFO         | 	 argv[24] = "if=none,index=0,id=system,if=none,file=D:\Users\MriT.DESKTOP-UK7OADT\AppData\Local\system-images\android-33\google_apis_playstore\x86_64\\system.img,read-only"
INFO         | 	 argv[25] = "-device"
INFO         | 	 argv[26] = "virtio-blk-pci,drive=system,modern-pio-notify"
INFO         | 	 argv[27] = "-drive"
INFO         | 	 argv[28] = "if=none,index=1,id=cache,if=none,file=C:\Users\MriT.DESKTOP-UK7OADT\.android\avd\..\avd\Medium_Phone_2.avd\cache.img.qcow2,overlap-check=none,cache=unsafe,l2-cache-size=1048576"
INFO         | 	 argv[29] = "-device"
INFO         | 	 argv[30] = "virtio-blk-pci,drive=cache,modern-pio-notify"
INFO         | 	 argv[31] = "-drive"
INFO         | 	 argv[32] = "if=none,index=2,id=userdata,if=none,file=C:\Users\MriT.DESKTOP-UK7OADT\.android\avd\..\avd\Medium_Phone_2.avd\userdata-qemu.img.qcow2,overlap-check=none,cache=unsafe,l2-cache-size=1048576"
INFO         | 	 argv[33] = "-device"
INFO         | 	 argv[34] = "virtio-blk-pci,drive=userdata,modern-pio-notify"
INFO         | 	 argv[35] = "-drive"
INFO         | 	 argv[36] = "if=none,index=3,id=encrypt,if=none,file=C:\Users\MriT.DESKTOP-UK7OADT\.android\avd\..\avd\Medium_Phone_2.avd\encryptionkey.img.qcow2,overlap-check=none,cache=unsafe,l2-cache-size=1048576"
INFO         | 	 argv[37] = "-device"
INFO         | 	 argv[38] = "virtio-blk-pci,drive=encrypt,modern-pio-notify"
INFO         | 	 argv[39] = "-drive"
INFO         | 	 argv[40] = "if=none,index=4,id=vendor,if=none,file=D:\Users\MriT.DESKTOP-UK7OADT\AppData\Local\system-images\android-33\google_apis_playstore\x86_64\\vendor.img,read-only"
INFO         | 	 argv[41] = "-device"
INFO         | 	 argv[42] = "virtio-blk-pci,drive=vendor,modern-pio-notify"
INFO         | 	 argv[43] = "-drive"
INFO         | 	 argv[44] = "if=none,index=5,id=sdcard,if=none,file=C:\Users\MriT.DESKTOP-UK7OADT\.android\avd\..\avd\Medium_Phone_2.avd\sdcard.img.qcow2,overlap-check=none,cache=unsafe,l2-cache-size=1048576"
INFO         | 	 argv[45] = "-device"
INFO         | 	 argv[46] = "virtio-blk-pci,drive=sdcard,modern-pio-notify"
INFO         | 	 argv[47] = "-netdev"
INFO         | 	 argv[48] = "user,id=mynet"
INFO         | 	 argv[49] = "-device"
INFO         | 	 argv[50] = "virtio-net-pci,netdev=mynet"
INFO         | 	 argv[51] = "-chardev"
INFO         | 	 argv[52] = "null,id=forhvc0"
INFO         | 	 argv[53] = "-chardev"
INFO         | 	 argv[54] = "null,id=forhvc1"
INFO         | 	 argv[55] = "-device"
INFO         | 	 argv[56] = "virtio-serial-pci,ioeventfd=off"
INFO         | 	 argv[57] = "-device"
INFO         | 	 argv[58] = "virtconsole,chardev=forhvc0"
INFO         | 	 argv[59] = "-device"
INFO         | 	 argv[60] = "virtconsole,chardev=forhvc1"
INFO         | 	 argv[61] = "-chardev"
INFO         | 	 argv[62] = "netsim,id=bluetooth"
INFO         | 	 argv[63] = "-device"
INFO         | 	 argv[64] = "virtserialport,chardev=bluetooth,name=bluetooth"
INFO         | 	 argv[65] = "-device"
INFO         | 	 argv[66] = "virtio-serial,ioeventfd=off"
INFO         | 	 argv[67] = "-chardev"
INFO         | 	 argv[68] = "socket,port=12696,host=::1,nowait,nodelay,reconnect=10,ipv6,id=modem"
INFO         | 	 argv[69] = "-device"
INFO         | 	 argv[70] = "virtserialport,chardev=modem,name=modem"
INFO         | 	 argv[71] = "-device"
INFO         | 	 argv[72] = "virtio-rng-pci"
INFO         | 	 argv[73] = "-show-cursor"
INFO         | 	 argv[74] = "-device"
INFO         | 	 argv[75] = "virtio_input_multi_touch_pci_1"
INFO         | 	 argv[76] = "-device"
INFO         | 	 argv[77] = "virtio_input_multi_touch_pci_2"
INFO         | 	 argv[78] = "-device"
INFO         | 	 argv[79] = "virtio_input_multi_touch_pci_3"
INFO         | 	 argv[80] = "-device"
INFO         | 	 argv[81] = "virtio_input_multi_touch_pci_4"
INFO         | 	 argv[82] = "-device"
INFO         | 	 argv[83] = "virtio_input_multi_touch_pci_5"
INFO         | 	 argv[84] = "-device"
INFO         | 	 argv[85] = "virtio_input_multi_touch_pci_6"
INFO         | 	 argv[86] = "-device"
INFO         | 	 argv[87] = "virtio_input_multi_touch_pci_7"
INFO         | 	 argv[88] = "-device"
INFO         | 	 argv[89] = "virtio_input_multi_touch_pci_8"
INFO         | 	 argv[90] = "-device"
INFO         | 	 argv[91] = "virtio_input_multi_touch_pci_9"
INFO         | 	 argv[92] = "-device"
INFO         | 	 argv[93] = "virtio_input_multi_touch_pci_10"
INFO         | 	 argv[94] = "-device"
INFO         | 	 argv[95] = "virtio_input_multi_touch_pci_11"
INFO         | 	 argv[96] = "-device"
INFO         | 	 argv[97] = "virtio-keyboard-pci"
INFO         | 	 argv[98] = "-netdev"
INFO         | 	 argv[99] = "user,id=virtio-wifi,dhcpstart=10.0.2.16"
INFO         | 	 argv[100] = "-device"
INFO         | 	 argv[101] = "virtio-wifi-pci,netdev=virtio-wifi"
INFO         | 	 argv[102] = "-device"
INFO         | 	 argv[103] = "virtio-vsock-pci,guest-cid=77"
INFO         | 	 argv[104] = "-L"
INFO         | 	 argv[105] = "D:\Users\MriT.DESKTOP-UK7OADT\AppData\Local\emulator/lib/pc-bios"
INFO         | 	 argv[106] = "-soundhw"
INFO         | 	 argv[107] = "virtio-snd-pci"
INFO         | 	 argv[108] = "-vga"
INFO         | 	 argv[109] = "none"
INFO         | 	 argv[110] = "-append"
INFO         | 	 argv[111] = "8250.nr_uarts=1 clocksource=pit no_timer_check console=0 loop.max_part=7 ramoops.mem_address=0xff018000 ramoops.mem_size=0x10000 memmap=0x10000$0xff018000 printk.devkmsg=on bootconfig"
INFO         | 	 argv[112] = "-android-hw"
INFO         | 	 argv[113] = "C:\Users\MriT.DESKTOP-UK7OADT\.android\avd\..\avd\Medium_Phone_2.avd\hardware-qemu.ini"
INFO         | Concatenated QEMU options: D:\Users\MriT.DESKTOP-UK7OADT\AppData\Local\emulator\qemu\windows-x86_64\qemu-system-x86_64.exe -dns-server 10.255.255.1 -mem-path C:\Users\MriT.DESKTOP-UK7OADT\.android\avd\Medium_Phone_2.avd\snapshots\default_boot\ram.img -serial null -device goldfish_pstore,addr=0xff018000,size=0x10000,file=C:\Users\MriT.DESKTOP-UK7OADT\.android\avd\..\avd\Medium_Phone_2.avd\data\misc\pstore\pstore.bin -cpu android64 -enable-whpx -smp cores=4 -m 4096 -lcd-density 420 -nodefaults -kernel D:\Users\MriT.DESKTOP-UK7OADT\AppData\Local\system-images\android-33\google_apis_playstore\x86_64\\kernel-ranchu -initrd C:\Users\MriT.DESKTOP-UK7OADT\.android\avd\..\avd\Medium_Phone_2.avd\initrd -drive if=none,index=0,id=system,if=none,file=D:\Users\MriT.DESKTOP-UK7OADT\AppData\Local\system-images\android-33\google_apis_playstore\x86_64\\system.img,read-only -device virtio-blk-pci,drive=system,modern-pio-notify -drive if=none,index=1,id=cache,if=none,file=C:\Users\MriT.DESKTOP-UK7OADT\.android\avd\..\avd\Medium_Phone_2.avd\cache.img.qcow2,overlap-check=none,cache=unsafe,l2-cache-size=1048576 -device virtio-blk-pci,drive=cache,modern-pio-notify -drive if=none,index=2,id=userdata,if=none,file=C:\Users\MriT.DESKTOP-UK7OADT\.android\avd\..\avd\Medium_Phone_2.avd\userdata-qemu.img.qcow2,overlap-check=none,cache=unsafe,l2-cache-size=1048576 -device virtio-blk-pci,drive=userdata,modern-pio-notify -drive if=none,index=3,id=encrypt,if=none,file=C:\Users\MriT.DESKTOP-UK7OADT\.android\avd\..\avd\Medium_Phone_2.avd\encryptionkey.img.qcow2,overlap-check=none,cache=unsafe,l2-cache-size=1048576 -device virtio-blk-pci,drive=encrypt,modern-pio-notify -drive if=none,index=4,id=vendor,if=none,file=D:\Users\MriT.DESKTOP-UK7OADT\AppData\Local\system-images\android-33\google_apis_playstore\x86_64\\vendor.img,read-only -device virtio-blk-pci,drive=vendor,modern-pio-notify -drive if=none,index=5,id=sdcard,if=none,file=C:\Users\MriT.DESKTOP-UK7OADT\.android\avd\..\avd\Medium_Phone_2.avd\sdcard.img.qcow2,overlap-check=none,cache=unsafe,l2-cache-size=1048576 -device virtio-blk-pci,drive=sdcard,modern-pio-notify -netdev user,id=mynet -device virtio-net-pci,netdev=mynet -chardev null,id=forhvc0 -chardev null,id=forhvc1 -device virtio-serial-pci,ioeventfd=off -device virtconsole,chardev=forhvc0 -device virtconsole,chardev=forhvc1 -chardev netsim,id=bluetooth -device virtserialport,chardev=bluetooth,name=bluetooth -device virtio-serial,ioeventfd=off -chardev socket,port=12696,host=::1,nowait,nodelay,reconnect=10,ipv6,id=modem -device virtserialport,chardev=modem,name=modem -device virtio-rng-pci -show-cursor -device virtio_input_multi_touch_pci_1 -device virtio_input_multi_touch_pci_2 -device virtio_input_multi_touch_pci_3 -device virtio_input_multi_touch_pci_4 -device virtio_input_multi_touch_pci_5 -device virtio_input_multi_touch_pci_6 -device virtio_input_multi_touch_pci_7 -device virtio_input_multi_touch_pci_8 -device virtio_input_multi_touch_pci_9 -device virtio_input_multi_touch_pci_10 -device virtio_input_multi_touch_pci_11 -device virtio-keyboard-pci -netdev user,id=virtio-wifi,dhcpstart=10.0.2.16 -device virtio-wifi-pci,netdev=virtio-wifi -device virtio-vsock-pci,guest-cid=77 -L D:\Users\MriT.DESKTOP-UK7OADT\AppData\Local\emulator/lib/pc-bios -soundhw virtio-snd-pci -vga none -append "8250.nr_uarts=1 clocksource=pit no_timer_check console=0 loop.max_part=7 ramoops.mem_address=0xff018000 ramoops.mem_size=0x10000 memmap=0x10000$0xff018000 printk.devkmsg=on bootconfig" -android-hw C:\Users\MriT.DESKTOP-UK7OADT\.android\avd\..\avd\Medium_Phone_2.avd\hardware-qemu.ini
DEBUG   | Android qemu version 36.6.11.0 (build_id 15507667) (CL:N/A)
DEBUG   | Starting QEMU main loop
DEBUG   | android_fopen: Failed to open /qemu.conf, err: 2
DEBUG   | registered 'boot-properties' qemud service
DEBUG   | Adding boot property: 'ro.opengles.version' = '196608'
DEBUG   | Adding boot property: 'qemu.sf.fake_camera' = 'front'
DEBUG   | Adding boot property: 'qemu.adb.secure' = '1'
DEBUG   | Adding boot property: 'dalvik.vm.heapsize' = '576m'
DEBUG   | Adding boot property: 'qemu.hw.mainkeys' = '0'
DEBUG   | Adding boot property: 'qemu.sf.lcd_density' = '420'
WHPX on Windows 10.0.26200 detected.
Windows Hypervisor Platform accelerator is operational
DEBUG   | control console listening on port 5554, ADB on port 5555
DEBUG   | goldfish_events.have-dpad: false
DEBUG   | goldfish_events.have-trackball: false
DEBUG   | goldfish_events.have-camera: true
DEBUG   | goldfish_events.have-keyboard: false
DEBUG   | goldfish_events.have-lidswitch: false
DEBUG   | goldfish_events.have-tabletmode: false
DEBUG   | goldfish_events.have-touch: false
DEBUG   | goldfish_events.have-multitouch: false
DEBUG   | Adding boot property: 'net.wifi_mac_prefix' = '5554'
INFO         | Monitoring duration of emulator setup.
DEBUG   | Adding boot property: 'qemu.timezone' = 'Asia/Tehran'
DEBUG   | android_hw_fingerprint_init: fingerprint qemud listen service initialized
DEBUG   | android_hw_xrlights_init: xr lights qemud listen service initialized
WARNING      | The emulator now requires a signed jwt token for gRPC access! Use the -grpc flag if you really want an open unprotected grpc port
INFO         | Using security allow list from: D:\Users\MriT.DESKTOP-UK7OADT\AppData\Local\emulator\lib\emulator_access.json
INFO         | The active JSON Web Key Sets can be found here: C:\Users\MriT.DESKTOP-UK7OADT\AppData\Local\Temp\avd\running\23364\jwks\11ae3f8b-1eee-41df-aaf1-661bceb68542\active.jwk
INFO         | Scanning C:\Users\MriT.DESKTOP-UK7OADT\AppData\Local\Temp\avd\running\23364\jwks\11ae3f8b-1eee-41df-aaf1-661bceb68542 for jwk keys.
INFO         | Started GRPC server at 127.0.0.1:8554, security: Local, auth: +token
INFO         | Advertising in: C:\Users\MriT.DESKTOP-UK7OADT\AppData\Local\Temp\avd\running\pid_23364.ini
INFO         | Successfully initialized netsim WiFi
INFO         | Activated packet streamer for bluetooth emulation
DEBUG   | emulator_window_fb_rotate
DEBUG   | CMD_SET_DISPLAY_CONFIGS
INFO         | Setting display: 0 configuration to: 1080x2400, dpi: 420x420 
DEBUG   | CMD_SET_DISPLAY_ACTIVE_CONFIG
DEBUG   | setDisplayPose 0 x 0 y 0 w 1080 h 2400 dpi 0
INFO         | setDisplayActiveConfig: id:0, 1080x2400
DEBUG   | ver_initialize: Setting search paths with 2 entries
WARNING      | getEnvironmentConfig: No environment config is provided
INFO         | getEnvironmentConfig: Using default virtual scene mode for the environment.
INFO         | getEnvironmentConfig: Using default configuration for mode mesh3d for the environment.
DEBUG   | Initializing VirtualSceneManager with mode:mesh3d, argument:Toren1BD.obj
INFO         | Initializing a scene with mode: mesh3d, argument: Toren1BD.obj
DEBUG   | Scene: creating Scene
DEBUG   | Initializing scene with 'mesh3d' mode, argument:Toren1BD.obj
DEBUG   | Adjusting window size by 0.38x for hw_lcd_density
DEBUG   | adisplay_init: Creating skin display surface 1080x2400
DEBUG   |  no root specified: 
DEBUG   | Path:D:\Users\MriT.DESKTOP-UK7OADT\AppData\Local\platform-tools\adb.exe protocol version: 41
DEBUG   | Found: 1 adb executables
DEBUG   | Adb: D:\Users\MriT.DESKTOP-UK7OADT\AppData\Local\platform-tools\adb.exe
DEBUG   | Path:D:\Users\MriT.DESKTOP-UK7OADT\AppData\Local\platform-tools\adb.exe protocol version: 41
INFO         | Checking system compatibility:
INFO         |   Checking: hasCompatibleHypervisor
INFO         |      Ok: Hypervisor compatibility to run avd: `Medium_Phone_2` are met
INFO         |   Checking: hasSufficientSystem
INFO         |      Ok: System requirements to run avd: `Medium_Phone_2` are met
INFO         |   Checking: hasSufficientHwGpu
INFO         |      Ok: Hardware GPU compatibility checks are not required
INFO         |   Checking: hasSufficientDiskSpace
INFO         |      Ok: Disk space requirements to run avd: `Medium_Phone_2` are met
DEBUG   | Sending CMD_REPAINT to reposting thread
DEBUG   | Sending CMD_REPAINT to reposting thread
DEBUG   | Reposting thread dequeueing a CMD_REPAINT
DEBUG   | Reposting framebuffer.
DEBUG   | No repost: no last posted color buffer
DEBUG   | Sending CMD_REPAINT to reposting thread
DEBUG   | Reposting thread dequeueing a CMD_REPAINT
DEBUG   | Reposting framebuffer.
DEBUG   | No repost: no last posted color buffer
DEBUG   | Reposting thread dequeueing a CMD_REPAINT
DEBUG   | Reposting framebuffer.
DEBUG   | No repost: no last posted color buffer
DEBUG   | Begin setupSubWindow
DEBUG   | Exit setupSubWindow (successful setup)
DEBUG   | android::virtualscene::parsePostersFile: Loaded poster wall at (-0.807000, 0.320000, 5.316000)
DEBUG   | android::virtualscene::parsePostersFile: Loaded poster table at (-2.205000, -0.077000, 3.949000)
DEBUG   | Window was not fully visible: monitor=[0,0,1920,1080] window=[100,130,389,864]
DEBUG   | Window repositioned to [420,-660]
DEBUG   | config multidisplay with config.ini 0x0 0x0 0x0
DEBUG   | emulator window was out of view and was recentered
DEBUG   | Begin setupSubWindow
DEBUG   | Exit setupSubWindow (nothing to do)
DEBUG   | No acpi ini file provided, using default
DEBUG   | added one RIL client
DEBUG   | Crash info: hw.gpu.enabled=yes
DEBUG   | Crash info: hw.cpu.ncore=4
DEBUG   | Crash info: avd_space=489243538848
DEBUG   | Crash info: disk.dataPartition.size=12G
DEBUG   | Crash info: hw.sensor.hinge=?
DEBUG   | Crash info: hw.gpu.mode=software
DEBUG   | Crash info: hw.lcd.height=2400
DEBUG   | Crash info: hw.ramSize=4096
DEBUG   | Crash info: hw.lcd.width=1080
DEBUG   | Crash info: PlayStore.enabled=true
DEBUG   | Crash info: cpu_cores=12
DEBUG   | Crash info: free_ram=15809
DEBUG   | Crash info: ro.build.fingerprint=google/sdk_gphone64_x86_64/emu64x:13/TE1A.240213.009/12342917:user/dev-keys
DEBUG   | Crash info: sessionId=
USER_INFO    | Emulator is performing a full startup. This may take upto two minutes, or more.
DEBUG   | call repost from subWindowRepaint callback
DEBUG   | Reposting framebuffer.
DEBUG   | No repost: no last posted color buffer
INFO         | Warning: QMetaObject::connectSlotsByName: No matching signal for on_rgbcSensorValueWidget_valueChanged() (:0, )
INFO         | Warning: QMetaObject::connectSlotsByName: No matching signal for on_posture_valueChanged(int) (:0, )
INFO         | Warning: QObject::connect: Cannot queue arguments of type 'std::vector<android::emulation::control::SnapshotInfo>'
(Make sure 'std::vector<android::emulation::control::SnapshotInfo>' is registered using qRegisterMetaType().) (:0, )
INFO         | AVD supportsNativeGLES=1, supportsGuestAngle=0
INFO         | Platform does not support Guest Angle
INFO         | Created extended window in 256.475ms
DEBUG   | Reposting framebuffer.
DEBUG   | No repost: no last posted color buffer
DEBUG   | Begin setupSubWindow
DEBUG   | Exit setupSubWindow (successful setup)
DEBUG   | call repost from subWindowRepaint callback
DEBUG   | Reposting framebuffer.
DEBUG   | No repost: no last posted color buffer
DEBUG   | Begin setupSubWindow
DEBUG   | Exit setupSubWindow (successful setup)
DEBUG   | call repost from subWindowRepaint callback
DEBUG   | Reposting framebuffer.
DEBUG   | No repost: no last posted color buffer
DEBUG   | Begin setupSubWindow
DEBUG   | Exit setupSubWindow (successful setup)
DEBUG   | call repost from subWindowRepaint callback
DEBUG   | Reposting framebuffer.
DEBUG   | No repost: no last posted color buffer
DEBUG   | Begin setupSubWindow
DEBUG   | Exit setupSubWindow (successful setup)
DEBUG   | call repost from subWindowRepaint callback
DEBUG   | Reposting framebuffer.
DEBUG   | No repost: no last posted color buffer
DEBUG   | Begin setupSubWindow
DEBUG   | Exit setupSubWindow (successful setup)
DEBUG   | Begin setupSubWindow
DEBUG   | Exit setupSubWindow (nothing to do)
DEBUG   | call repost from subWindowRepaint callback
DEBUG   | Reposting framebuffer.
DEBUG   | No repost: no last posted color buffer
DEBUG   | No acpi ini file provided, using default
DEBUG   | Sending CMD_REPAINT to reposting thread
DEBUG   | Reposting thread dequeueing a CMD_REPAINT
DEBUG   | Reposting framebuffer.
DEBUG   | No repost: no last posted color buffer
DEBUG   | Reposting framebuffer.
DEBUG   | No repost: no last posted color buffer
DEBUG   | call repost from subWindowRepaint callback
DEBUG   | Reposting framebuffer.
DEBUG   | No repost: no last posted color buffer
DEBUG   | Begin setupSubWindow
DEBUG   | Exit setupSubWindow (successful setup)
DEBUG   | Begin setupSubWindow
DEBUG   | Exit setupSubWindow (nothing to do)
DEBUG   | Begin setupSubWindow
DEBUG   | Exit setupSubWindow (nothing to do)
DEBUG   | call repost from subWindowRepaint callback
DEBUG   | Reposting framebuffer.
DEBUG   | No repost: no last posted color buffer
DEBUG   | Sending CMD_REPAINT to reposting thread
DEBUG   | Reposting thread dequeueing a CMD_REPAINT
DEBUG   | Reposting framebuffer.
DEBUG   | No repost: no last posted color buffer
DEBUG   | call repost from subWindowRepaint callback
DEBUG   | Reposting framebuffer.
DEBUG   | No repost: no last posted color buffer
DEBUG   | Begin setupSubWindow
DEBUG   | Exit setupSubWindow (successful setup)
DEBUG   | Begin setupSubWindow
DEBUG   | Exit setupSubWindow (nothing to do)
DEBUG   | Begin setupSubWindow
DEBUG   | Exit setupSubWindow (nothing to do)
DEBUG   | call repost from subWindowRepaint callback
DEBUG   | Reposting framebuffer.
DEBUG   | No repost: no last posted color buffer
DEBUG   | Sending CMD_REPAINT to reposting thread
DEBUG   | Reposting thread dequeueing a CMD_REPAINT
DEBUG   | Reposting framebuffer.
DEBUG   | No repost: no last posted color buffer
DEBUG   | Begin setupSubWindow
DEBUG   | Exit setupSubWindow (nothing to do)
DEBUG   | Begin setupSubWindow
DEBUG   | Exit setupSubWindow (nothing to do)
WARNING      | adb command 'D:\Users\MriT.DESKTOP-UK7OADT\AppData\Local\platform-tools\adb.exe -s emulator-5554 shell getprop sys.boot_completed ' failed: 'adb.exe: device offline'
WARNING      | adb command 'D:\Users\MriT.DESKTOP-UK7OADT\AppData\Local\platform-tools\adb.exe -s emulator-5554 shell getprop sys.boot_completed ' failed: 'adb.exe: device offline'
INFO         | Critical: UpdateLayeredWindowIndirect failed for ptDst=(574, -788), size=(375x26), dirty=(375x26 0, 0) (A device attached to the system is not functioning.) (:0, )
DEBUG   | Started new RenderThread (total 1) @000001EC6CAF6430
DEBUG   | Started new RenderThread (total 2) @000001EC6CAF6890
DEBUG   | setDisplayPose 0 x -1 y -1 w 1080 h 2400 dpi 420
DEBUG   | Started new RenderThread (total 3) @000001EC6CAF6510
DEBUG   | Started new RenderThread (total 4) @000001EC6CAF7CB0
DEBUG   | Started new RenderThread (total 5) @000001EC6CAF6CF0
DEBUG   | Started new RenderThread (total 6) @000001EC6CAF67B0
DEBUG   | Started new RenderThread (total 7) @000001EC6CAF6EB0
DEBUG   | _hwFingerprint_connect: connect finger print listen is called
DEBUG   | got message from guest system fingerprint HAL
DEBUG   | Started new RenderThread (total 8) @000001EC6CAF66D0
DEBUG   | Started new RenderThread (total 9) @000001EC667A64C0
DEBUG   | Started new RenderThread (total 10) @000001EC7A9AF720
DEBUG   | Started new RenderThread (total 11) @000001EC7A9AFE20
DEBUG   | Started new RenderThread (total 12) @000001EC7A9B16A0
DEBUG   | Started new RenderThread (total 13) @000001EC7A9AFF00
DEBUG   | Started new RenderThread (total 14) @000001EC7A9AEF40
DEBUG   | Started new RenderThread (total 15) @000001EC7A9AF020
DEBUG   | Started new RenderThread (total 16) @000001EC7A9B0520
DEBUG   | Waiting for exit signal RenderThread @000001EC6CAF66D0
DEBUG   | Waiting for exit signal RenderThread @000001EC667A64C0
VERBOSE | glReadPixels seems OK for tex(internal:0x8058 fmt:0x1908 type:0x1401) read(fmt:0x1908 type:0x1401).
DEBUG   | Waiting for exit signal RenderThread @000001EC7A9AFF00
DEBUG   | Exited a RenderThread @000001EC6CAF66D0
DEBUG   | Exited a RenderThread @000001EC667A64C0
DEBUG   | Exited a RenderThread @000001EC7A9AFF00
DEBUG   | Started new RenderThread (total 14) @000001EC7A9B1860
DEBUG   | Started new RenderThread (total 15) @000001EC7A9B1160
INFO         | Boot completed in 48121 ms
INFO         | Increasing screen off timeout, logcat buffer size to 2M.
DEBUG   | Started new RenderThread (total 16) @000001EC7A9AFC60
DEBUG   | Started new RenderThread (total 17) @000001EC7A9B0B40
INFO         | IPv4 server found: 10.255.255.1
INFO         | Ignore IPv6 address: 50ba:3f49:ec01:0:50ba:3f49:ec01:0
INFO         | Ignore IPv6 address: 50ba:3f49:ec01:0:50ba:3f49:ec01:0
INFO         | Ignore IPv6 address: 50ba:3f49:ec01:0:50ba:3f49:ec01:0
INFO         | Ignore IPv6 address: 58cd:3f49:ec01:0:50ba:3f49:ec01:0
INFO         | Ignore IPv6 address: 58cd:3f49:ec01:0:50ba:3f49:ec01:0
INFO         | Ignore IPv6 address: 58cd:3f49:ec01:0:50ba:3f49:ec01:0
INFO         | Ignore IPv6 address: 48d3:3f49:ec01:0:50ba:3f49:ec01:0
INFO         | Ignore IPv6 address: 48d3:3f49:ec01:0:50ba:3f49:ec01:0
INFO         | Ignore IPv6 address: 48d3:3f49:ec01:0:50ba:3f49:ec01:0
INFO         | Ignore IPv6 address: 60d9:3f49:ec01:0:50ba:3f49:ec01:0
INFO         | Ignore IPv6 address: 60d9:3f49:ec01:0:50ba:3f49:ec01:0
INFO         | Ignore IPv6 address: 60d9:3f49:ec01:0:50ba:3f49:ec01:0
INFO         | Ignore IPv6 address: 10e7:3f49:ec01:0:50ba:3f49:ec01:0
INFO         | Ignore IPv6 address: 10e7:3f49:ec01:0:50ba:3f49:ec01:0
INFO         | Ignore IPv6 address: 10e7:3f49:ec01:0:50ba:3f49:ec01:0
INFO         | Ignore IPv6 address: 30ed:3f49:ec01:0:50ba:3f49:ec01:0
INFO         | Ignore IPv6 address: 30ed:3f49:ec01:0:50ba:3f49:ec01:0
INFO         | Ignore IPv6 address: 30ed:3f49:ec01:0:50ba:3f49:ec01:0
INFO         | IPv4 server found: 10.255.255.1
INFO         | Ignore IPv6 address: 50ba:3f49:ec01:0:50ba:3f49:ec01:0
INFO         | Ignore IPv6 address: 50ba:3f49:ec01:0:50ba:3f49:ec01:0
INFO         | Ignore IPv6 address: 50ba:3f49:ec01:0:50ba:3f49:ec01:0
INFO         | Ignore IPv6 address: 58cd:3f49:ec01:0:50ba:3f49:ec01:0
INFO         | Ignore IPv6 address: 58cd:3f49:ec01:0:50ba:3f49:ec01:0
INFO         | Ignore IPv6 address: 58cd:3f49:ec01:0:50ba:3f49:ec01:0
INFO         | Ignore IPv6 address: 48d3:3f49:ec01:0:50ba:3f49:ec01:0
INFO         | Ignore IPv6 address: 48d3:3f49:ec01:0:50ba:3f49:ec01:0
INFO         | Ignore IPv6 address: 48d3:3f49:ec01:0:50ba:3f49:ec01:0
INFO         | Ignore IPv6 address: 60d9:3f49:ec01:0:50ba:3f49:ec01:0
INFO         | Ignore IPv6 address: 60d9:3f49:ec01:0:50ba:3f49:ec01:0
INFO         | Ignore IPv6 address: 60d9:3f49:ec01:0:50ba:3f49:ec01:0
INFO         | Ignore IPv6 address: 10e7:3f49:ec01:0:50ba:3f49:ec01:0
INFO         | Ignore IPv6 address: 10e7:3f49:ec01:0:50ba:3f49:ec01:0
INFO         | Ignore IPv6 address: 10e7:3f49:ec01:0:50ba:3f49:ec01:0
INFO         | Ignore IPv6 address: 30ed:3f49:ec01:0:50ba:3f49:ec01:0
INFO         | Ignore IPv6 address: 30ed:3f49:ec01:0:50ba:3f49:ec01:0
INFO         | Ignore IPv6 address: 30ed:3f49:ec01:0:50ba:3f49:ec01:0
INFO         | IPv4 server found: 10.255.255.1
INFO         | Ignore IPv6 address: 50ba:3f49:ec01:0:50ba:3f49:ec01:0
INFO         | Ignore IPv6 address: 50ba:3f49:ec01:0:50ba:3f49:ec01:0
INFO         | Ignore IPv6 address: 50ba:3f49:ec01:0:50ba:3f49:ec01:0
INFO         | Ignore IPv6 address: 58cd:3f49:ec01:0:50ba:3f49:ec01:0
INFO         | Ignore IPv6 address: 58cd:3f49:ec01:0:50ba:3f49:ec01:0
INFO         | Ignore IPv6 address: 58cd:3f49:ec01:0:50ba:3f49:ec01:0
INFO         | Ignore IPv6 address: 48d3:3f49:ec01:0:50ba:3f49:ec01:0
INFO         | Ignore IPv6 address: 48d3:3f49:ec01:0:50ba:3f49:ec01:0
INFO         | Ignore IPv6 address: 48d3:3f49:ec01:0:50ba:3f49:ec01:0
INFO         | Ignore IPv6 address: 60d9:3f49:ec01:0:50ba:3f49:ec01:0
INFO         | Ignore IPv6 address: 60d9:3f49:ec01:0:50ba:3f49:ec01:0
INFO         | Ignore IPv6 address: 60d9:3f49:ec01:0:50ba:3f49:ec01:0
INFO         | Ignore IPv6 address: 10e7:3f49:ec01:0:50ba:3f49:ec01:0
INFO         | Ignore IPv6 address: 10e7:3f49:ec01:0:50ba:3f49:ec01:0
INFO         | Ignore IPv6 address: 10e7:3f49:ec01:0:50ba:3f49:ec01:0
INFO         | Ignore IPv6 address: 30ed:3f49:ec01:0:50ba:3f49:ec01:0
INFO         | Ignore IPv6 address: 30ed:3f49:ec01:0:50ba:3f49:ec01:0
INFO         | Ignore IPv6 address: 30ed:3f49:ec01:0:50ba:3f49:ec01:0
DEBUG   | Waiting for exit signal RenderThread @000001EC7A9AFC60
DEBUG   | Exited a RenderThread @000001EC7A9AFC60
DEBUG   | Started new RenderThread (total 17) @000001EC7A9AE760
DEBUG   | Started new RenderThread (total 18) @000001EC7A9B0440
DEBUG   | Started new RenderThread (total 19) @000001EC7A9B1E80
DEBUG   | Started new RenderThread (total 20) @000001EC7A9B1BE0
DEBUG   | Registering pipe service multidisplay
DEBUG   | MultiDisplayPipe created 000001EC49358E70
DEBUG   | MultiDisplayPipe recevied QUERY
DEBUG   | MultiDisplayPipe send add id 0 width 1080 height 2400 dpi 420 flag 0
DEBUG   | Started new RenderThread (total 21) @000001EC7A9B1CC0
DEBUG   | Started new RenderThread (total 22) @000001EC7A9AF3A0
DEBUG   | Started new RenderThread (total 23) @000001EC7A9B01A0
DEBUG   | Started new RenderThread (total 24) @000001EC7A9B0280
DEBUG   | Waiting for exit signal RenderThread @000001EC7A9B1BE0
ERROR        | bad window surface handle 0x65
DEBUG   | Waiting for exit signal RenderThread @000001EC7A9B1E80
DEBUG   | Exited a RenderThread @000001EC7A9B1E80
DEBUG   | Exited a RenderThread @000001EC7A9B1BE0
DEBUG   | Started new RenderThread (total 23) @000001EC7A9B1DA0
DEBUG   | Started new RenderThread (total 24) @000001EC7A9B1BE0
DEBUG   | Started new RenderThread (total 25) @000001EC7A9AF640
DEBUG   | Started new RenderThread (total 26) @000001EC7A9AE840
DEBUG   | Started new RenderThread (total 27) @000001EC7A9AFF00
DEBUG   | Waiting for exit signal RenderThread @000001EC7A9B01A0
DEBUG   | Exited a RenderThread @000001EC7A9B01A0
DEBUG   | Started new RenderThread (total 27) @000001EC7A9B06E0
DEBUG   | Started new RenderThread (total 28) @000001EC7A9AEA00
DEBUG   | Started new RenderThread (total 29) @000001EC7A9AFFE0
DEBUG   | Started new RenderThread (total 30) @000001EC7A9AE920
DEBUG   | Waiting for exit signal RenderThread @000001EC7A9B1BE0
DEBUG   | Exited a RenderThread @000001EC7A9B1BE0
DEBUG   | Started new RenderThread (total 30) @000001EC7A9B1400
DEBUG   | call repost from subWindowRepaint callback
DEBUG   | Reposting framebuffer.
DEBUG   | Has last posted colorbuffer and is initialized; post.
DEBUG   | call repost from subWindowRepaint callback
DEBUG   | Reposting framebuffer.
DEBUG   | Has last posted colorbuffer and is initialized; post.
INFO         | Critical: UpdateLayeredWindowIndirect failed for ptDst=(574, -788), size=(375x26), dirty=(375x26 0, 0) (A device attached to the system is not functioning.) (:0, )
DEBUG   | call repost from subWindowRepaint callback
DEBUG   | Reposting framebuffer.
DEBUG   | Has last posted colorbuffer and is initialized; post.
DEBUG   | call repost from subWindowRepaint callback
DEBUG   | Reposting framebuffer.
DEBUG   | Has last posted colorbuffer and is initialized; post.
DEBUG   | Sending CMD_REPAINT to reposting thread
DEBUG   | Reposting thread dequeueing a CMD_REPAINT
DEBUG   | Reposting framebuffer.
DEBUG   | Has last posted colorbuffer and is initialized; post.
DEBUG   | call repost from subWindowRepaint callback
DEBUG   | Reposting framebuffer.
DEBUG   | Has last posted colorbuffer and is initialized; post.
DEBUG   | Begin setupSubWindow
DEBUG   | setupSubwindow: draw last posted cb
DEBUG   | Exit setupSubWindow (successful setup)
DEBUG   | Begin setupSubWindow
DEBUG   | Exit setupSubWindow (nothing to do)
DEBUG   | Begin setupSubWindow
DEBUG   | Exit setupSubWindow (nothing to do)
DEBUG   | call repost from subWindowRepaint callback
DEBUG   | Reposting framebuffer.
DEBUG   | Has last posted colorbuffer and is initialized; post.
DEBUG   | Sending CMD_REPAINT to reposting thread
DEBUG   | Reposting thread dequeueing a CMD_REPAINT
DEBUG   | Reposting framebuffer.
DEBUG   | Has last posted colorbuffer and is initialized; post.
DEBUG   | Begin setupSubWindow
DEBUG   | Exit setupSubWindow (nothing to do)
DEBUG   | Begin setupSubWindow
DEBUG   | Exit setupSubWindow (nothing to do)
DEBUG   | Started new RenderThread (total 31) @000001EC6C9056C0
DEBUG   | Waiting for exit signal RenderThread @000001EC6C9056C0
DEBUG   | Waiting for exit signal RenINFO         | emuDirName: 'D:\Users\MriT.DESKTOP-UK7OADT\AppData\Local\emulator'
INFO         | try dir D:\Users\MriT.DESKTOP-UK7OADT\AppData\Local\emulator
INFO         | Trying emulator path 'D:\Users\MriT.DESKTOP-UK7OADT\AppData\Local\emulator\qemu\windows-x86_64\qemu-system-x86_64.exe'
INFO         | Found target-specific 64-bit emulator binary: D:\Users\MriT.DESKTOP-UK7OADT\AppData\Local\emulator\qemu\windows-x86_64\qemu-system-x86_64.exe
INFO         | Adding library search path: 'D:\Users\MriT.DESKTOP-UK7OADT\AppData\Local\emulator\lib64'
INFO         | Adding library search path: 'D:\Users\MriT.DESKTOP-UK7OADT\AppData\Local\emulator\lib64\gles_swiftshader'
INFO         | Adding library search path: 'D:\Users\MriT.DESKTOP-UK7OADT\AppData\Local\emulator\lib64\vulkan'
INFO         | Quoted param: [D:\Users\MriT.DESKTOP-UK7OADT\AppData\Local\emulator\qemu\windows-x86_64\qemu-system-x86_64.exe]
INFO         | Quoted param: [-avd]
INFO         | Quoted param: [Medium_Phone_2]
INFO         | Quoted param: [-no-snapshot-load]
INFO         | Quoted param: [-no-snapshot-save]
INFO         | Quoted param: [-verbose]
DEBUG   | emulator: Running :D:\Users\MriT.DESKTOP-UK7OADT\AppData\Local\emulator\qemu\windows-x86_64\qemu-system-x86_64.exe
DEBUG   | qemu backend: argv[00] = "D:\Users\MriT.DESKTOP-UK7OADT\AppData\Local\emulator\qemu\windows-x86_64\qemu-system-x86_64.exe"
DEBUG   | qemu backend: argv[01] = "-avd"
DEBUG   | qemu backend: argv[02] = "Medium_Phone_2"
DEBUG   | qemu backend: argv[03] = "-no-snapshot-load"
DEBUG   | qemu backend: argv[04] = "-no-snapshot-save"
DEBUG   | qemu backend: argv[05] = "-verbose"
DEBUG   | Concatenated backend parameters:  D:\Users\MriT.DESKTOP-UK7OADT\AppData\Local\emulator\qemu\windows-x86_64\qemu-system-x86_64.exe -avd Medium_Phone_2 -no-snapshot-load -no-snapshot-save -verbose
